0
0
10
2
2
30
4
4
50
6
6
70
8
8
90
0
0
10
2
2
30
4
4
50
6
6
70
8
8
90
1
1
20
3
3
40
5
5
60
7
7
80
9
9
100
return 0
