Break or continue statement must be inside a loop.
Break or continue statement must be inside a loop.
Break or continue statement must be inside a loop.
Break or continue statement must be inside a loop.
Break or continue statement must be inside a loop.
Break or continue statement must be inside a loop.
Break or continue statement must be inside a loop.
Break or continue statement must be inside a loop.
