Type mismatch: expected int but found void.
Identifier int_y has invalid type void.
Identifier int_y has invalid type void.
Type mismatch: expected int but found void.
Operand has invalid type void.
Type mismatch: expected int but found bool.
Type mismatch: expected int but found bool.
