LValue int_i not found.
LValue int_j not found.
LValue int_k not found.
LValue int_i not found.
LValue int_j not found.
LValue int_k not found.
LValue int_i not found.
LValue int_j not found.
LValue int_k not found.
LValue int_j not found.
LValue int_k not found.
