0
0
0
0
0
10
0
1
0
0
10
10
1
0
0
10
0
10
1
1
0
10
10
10
6
69
419
0
0
0
0
0
10
0
1
0
0
10
10
1
0
0
10
0
10
1
1
0
10
10
10
2
69
419
0
0
0
0
0
10
0
1
0
0
10
10
1
0
0
10
0
10
1
1
0
10
10
10
6
69
419
0
0
0
0
0
10
0
1
0
0
10
10
1
0
0
10
0
10
1
1
0
10
10
10
6
69
419
return 0
