69
10
100
10
100
419
100
419
69
419
69
419
69
10
100
10
return 0
