Type mismatch: expected bool but found int.
Type mismatch: expected bool but found int.
Type mismatch: expected bool but found int.
Type mismatch: expected bool but found int.
Type mismatch: expected bool but found int.
Type mismatch: expected bool but found int.
Type mismatch: expected bool but found int.
Type mismatch: expected bool but found int.
Type mismatch: expected bool but found int.
Type mismatch: expected bool but found int.
Type mismatch: expected bool but found int.
Type mismatch: expected bool but found int.
